Vertex: pop_1:0:0
Vertex: pop_1:0:0
Vertex: pop_1:0:0
Vertex: input:0:0
Vertex: pop_1:0:0
Vertex: input:0:0
    Partition: SPIKE, Routing Info: [KeyAndMask:0x0:0xffffffff]
Vertex: pop_1:0:0
Vertex: input:0:0
    Partition: SPIKE, Routing Info: [KeyAndMask:0x1:0xffffffff]
Vertex: mc_data_speed_up_packet_gatherer_on_0_0
Vertex: ExtraMonitorSupportMachineVertex
Vertex: ExtraMonitorSupportMachineVertex
Vertex: ExtraMonitorSupportMachineVertex
Vertex: ExtraMonitorSupportMachineVertex
Vertex: ExtraMonitorSupportMachineVertex
Vertex: ExtraMonitorSupportMachineVertex
Vertex: ExtraMonitorSupportMachineVertex
Vertex: ExtraMonitorSupportMachineVertex
Vertex: ExtraMonitorSupportMachineVertex
Vertex: ExtraMonitorSupportMachineVertex
Vertex: ExtraMonitorSupportMachineVertex
Vertex: ExtraMonitorSupportMachineVertex
Vertex: ExtraMonitorSupportMachineVertex
Vertex: ExtraMonitorSupportMachineVertex
Vertex: ExtraMonitorSupportMachineVertex
Vertex: ExtraMonitorSupportMachineVertex
Vertex: ExtraMonitorSupportMachineVertex
Vertex: ExtraMonitorSupportMachineVertex
Vertex: ExtraMonitorSupportMachineVertex
Vertex: ExtraMonitorSupportMachineVertex
Vertex: ExtraMonitorSupportMachineVertex
Vertex: ExtraMonitorSupportMachineVertex
Vertex: ExtraMonitorSupportMachineVertex
Vertex: ExtraMonitorSupportMachineVertex
Vertex: ExtraMonitorSupportMachineVertex
Vertex: ExtraMonitorSupportMachineVertex
Vertex: ExtraMonitorSupportMachineVertex
Vertex: ExtraMonitorSupportMachineVertex
Vertex: ExtraMonitorSupportMachineVertex
Vertex: ExtraMonitorSupportMachineVertex
Vertex: ExtraMonitorSupportMachineVertex
Vertex: ExtraMonitorSupportMachineVertex
Vertex: ExtraMonitorSupportMachineVertex
Vertex: ExtraMonitorSupportMachineVertex
Vertex: ExtraMonitorSupportMachineVertex
Vertex: ExtraMonitorSupportMachineVertex
Vertex: ExtraMonitorSupportMachineVertex
Vertex: ExtraMonitorSupportMachineVertex
Vertex: ExtraMonitorSupportMachineVertex
Vertex: ExtraMonitorSupportMachineVertex
Vertex: ExtraMonitorSupportMachineVertex
Vertex: ExtraMonitorSupportMachineVertex
Vertex: ExtraMonitorSupportMachineVertex
Vertex: ExtraMonitorSupportMachineVertex
Vertex: ExtraMonitorSupportMachineVertex
Vertex: ExtraMonitorSupportMachineVertex
Vertex: ExtraMonitorSupportMachineVertex
Vertex: ExtraMonitorSupportMachineVertex
